ERC report (2026-06-16T12:18:23+0200, Encoding UTF8)

***** Sheet /
[endpoint_off_grid]: Symbol pin or wire end off connection grid
    ; warning
    @(5.00 mm, 15.00 mm): Horizontal Wire, length 155.00 mm
[global_label_dangling]: Global label not connected anywhere else in the schematic
    ; warning
    @(5.00 mm, 15.00 mm): Global Label 'GND'
[endpoint_off_grid]: Symbol pin or wire end off connection grid
    ; warning
    @(35.00 mm, 65.00 mm): Symbol U3 Pin 1 [VDD, Power input, Line]
[pin_not_connected]: Pin not connected
    ; error
    @(35.00 mm, 65.00 mm): Symbol U3 Pin 1 [VDD, Power input, Line]
[power_pin_not_driven]: Input Power pin not driven by any Output Power pins
    ; error
    @(35.00 mm, 65.00 mm): Symbol U3 Pin 1 [VDD, Power input, Line]
[endpoint_off_grid]: Symbol pin or wire end off connection grid
    ; warning
    @(80.00 mm, 5.00 mm): Symbol U1 Pin 1 [24V_IN, Power input, Line]
[pin_not_connected]: Pin not connected
    ; error
    @(80.00 mm, 5.00 mm): Symbol U1 Pin 1 [24V_IN, Power input, Line]
[power_pin_not_driven]: Input Power pin not driven by any Output Power pins
    ; error
    @(80.00 mm, 5.00 mm): Symbol U1 Pin 1 [24V_IN, Power input, Line]
[pin_not_connected]: Pin not connected
    ; error
    @(80.00 mm, 15.00 mm): Symbol U1 Pin 2 [GND, Power input, Line]
[power_pin_not_driven]: Input Power pin not driven by any Output Power pins
    ; error
    @(80.00 mm, 15.00 mm): Symbol U1 Pin 2 [GND, Power input, Line]
[endpoint_off_grid]: Symbol pin or wire end off connection grid
    ; warning
    @(33.00 mm, 75.00 mm): Vertical Wire, length 60.00 mm
[unconnected_wire_endpoint]: Unconnected wire endpoint
    ; warning
    @(33.00 mm, 75.00 mm): Vertical Wire, length 60.00 mm
[endpoint_off_grid]: Symbol pin or wire end off connection grid
    ; warning
    @(33.00 mm, 80.00 mm): Horizontal Wire, length 17.00 mm
[unconnected_wire_endpoint]: Unconnected wire endpoint
    ; warning
    @(33.00 mm, 80.00 mm): Horizontal Wire, length 17.00 mm
[pin_not_connected]: Pin not connected
    ; error
    @(35.00 mm, 80.00 mm): Symbol U3 Pin 2 [DATA, Bidirectional, Line]
[label_dangling]: Label not connected to anything
    ; error
    @(82.00 mm, 35.00 mm): Label 'GPIO27 (LED)'
[pin_not_connected]: Pin not connected
    ; error
    @(80.00 mm, 40.00 mm): Symbol U1 Pin 3 [GPIO25_DAT, Bidirectional, Line]
[endpoint_off_grid]: Symbol pin or wire end off connection grid
    ; warning
    @(33.00 mm, 85.00 mm): Vertical Wire, length 45.00 mm
[unconnected_wire_endpoint]: Unconnected wire endpoint
    ; warning
    @(33.00 mm, 85.00 mm): Vertical Wire, length 45.00 mm
[endpoint_off_grid]: Symbol pin or wire end off connection grid
    ; warning
    @(80.00 mm, 50.00 mm): Horizontal Wire, length 40.00 mm
[unconnected_wire_endpoint]: Unconnected wire endpoint
    ; warning
    @(80.00 mm, 50.00 mm): Horizontal Wire, length 40.00 mm
[label_dangling]: Label not connected to anything
    ; error
    @(82.00 mm, 50.00 mm): Label 'GPIO12 (R1)'
[endpoint_off_grid]: Symbol pin or wire end off connection grid
    ; warning
    @(35.00 mm, 90.00 mm): Symbol U2 Pin 1 [VDD, Power input, Line]
[pin_not_connected]: Pin not connected
    ; error
    @(35.00 mm, 90.00 mm): Symbol U2 Pin 1 [VDD, Power input, Line]
[power_pin_not_driven]: Input Power pin not driven by any Output Power pins
    ; error
    @(35.00 mm, 90.00 mm): Symbol U2 Pin 1 [VDD, Power input, Line]
[endpoint_off_grid]: Symbol pin or wire end off connection grid
    ; warning
    @(80.00 mm, 60.00 mm): Horizontal Wire, length 40.00 mm
[endpoint_off_grid]: Symbol pin or wire end off connection grid
    ; warning
    @(40.00 mm, 92.00 mm): Symbol R1 Pin 1 [Passive, Line]
[pin_not_connected]: Pin not connected
    ; error
    @(40.00 mm, 92.00 mm): Symbol R1 Pin 1 [Passive, Line]
[pin_not_connected]: Pin not connected
    ; error
    @(35.00 mm, 95.00 mm): Symbol U3 Pin 3 [GND, Power input, Line]
[power_pin_not_driven]: Input Power pin not driven by any Output Power pins
    ; error
    @(35.00 mm, 95.00 mm): Symbol U3 Pin 3 [GND, Power input, Line]
[label_dangling]: Label not connected to anything
    ; error
    @(82.00 mm, 60.00 mm): Label 'GPIO14 (R0)'
[lib_symbol_issues]: The current configuration does not include the symbol library ''
    ; warning
    @(50.00 mm, 92.00 mm): Symbol R1 [R_4K7]
[endpoint_off_grid]: Symbol pin or wire end off connection grid
    ; warning
    @(33.00 mm, 100.00 mm): Vertical Wire, length 85.00 mm
[unconnected_wire_endpoint]: Unconnected wire endpoint
    ; warning
    @(33.00 mm, 100.00 mm): Vertical Wire, length 85.00 mm
[wire_dangling]: Wires not connected to anything
    ; error
    @(33.00 mm, 100.00 mm): Vertical Wire, length 85.00 mm
    @(33.00 mm, 75.00 mm): Vertical Wire, length 60.00 mm
[lib_symbol_issues]: The current configuration does not include the symbol library ''
    ; warning
    @(15.00 mm, 105.00 mm): Symbol U2 [DS18B20]
[pin_not_connected]: Pin not connected
    ; error
    @(80.00 mm, 70.00 mm): Symbol U1 Pin 5 [GPIO12_R1, Output, Line]
[endpoint_off_grid]: Symbol pin or wire end off connection grid
    ; warning
    @(50.00 mm, 97.00 mm): Vertical Wire, length 33.00 mm
[unconnected_wire_endpoint]: Unconnected wire endpoint
    ; warning
    @(50.00 mm, 97.00 mm): Vertical Wire, length 33.00 mm
[unconnected_wire_endpoint]: Unconnected wire endpoint
    ; warning
    @(80.00 mm, 105.00 mm): Vertical Wire, length 30.00 mm
[pin_not_connected]: Pin not connected
    ; error
    @(60.00 mm, 92.00 mm): Symbol R1 Pin 2 [Passive, Line]
[endpoint_off_grid]: Symbol pin or wire end off connection grid
    ; warning
    @(33.00 mm, 105.00 mm): Horizontal Wire, length 17.00 mm
[unconnected_wire_endpoint]: Unconnected wire endpoint
    ; warning
    @(33.00 mm, 105.00 mm): Horizontal Wire, length 17.00 mm
[wire_dangling]: Wires not connected to anything
    ; error
    @(33.00 mm, 105.00 mm): Horizontal Wire, length 17.00 mm
    @(33.00 mm, 80.00 mm): Horizontal Wire, length 17.00 mm
[pin_not_connected]: Pin not connected
    ; error
    @(35.00 mm, 105.00 mm): Symbol U2 Pin 2 [DATA, Bidirectional, Line]
[endpoint_off_grid]: Symbol pin or wire end off connection grid
    ; warning
    @(33.00 mm, 110.00 mm): Vertical Wire, length 20.00 mm
[unconnected_wire_endpoint]: Unconnected wire endpoint
    ; warning
    @(33.00 mm, 110.00 mm): Vertical Wire, length 20.00 mm
[wire_dangling]: Wires not connected to anything
    ; error
    @(33.00 mm, 110.00 mm): Vertical Wire, length 20.00 mm
    @(33.00 mm, 85.00 mm): Vertical Wire, length 45.00 mm
[pin_not_connected]: Pin not connected
    ; error
    @(80.00 mm, 85.00 mm): Symbol U1 Pin 6 [GPIO27_LED, Output, Line]
[endpoint_off_grid]: Symbol pin or wire end off connection grid
    ; warning
    @(65.00 mm, 105.00 mm): Horizontal Wire, length 15.00 mm
[unconnected_wire_endpoint]: Unconnected wire endpoint
    ; warning
    @(65.00 mm, 105.00 mm): Horizontal Wire, length 15.00 mm
[endpoint_off_grid]: Symbol pin or wire end off connection grid
    ; warning
    @(120.00 mm, 30.00 mm): Symbol R2 Pin 1 [Passive, Line]
[pin_not_connected]: Pin not connected
    ; error
    @(120.00 mm, 30.00 mm): Symbol R2 Pin 1 [Passive, Line]
[lib_symbol_issues]: The current configuration does not include the symbol library ''
    ; warning
    @(100.00 mm, 75.00 mm): Symbol U1 [NORVI_AE01R]
[unconnected_wire_endpoint]: Unconnected wire endpoint
    ; warning
    @(80.00 mm, 50.00 mm): Horizontal Wire, length 40.00 mm
[endpoint_off_grid]: Symbol pin or wire end off connection grid
    ; warning
    @(80.00 mm, 105.00 mm): Vertical Wire, length 30.00 mm
[pin_not_connected]: Pin not connected
    ; error
    @(80.00 mm, 105.00 mm): Symbol U1 Pin 7 [GPIO16_SDA, Bidirectional, Line]
[endpoint_off_grid]: Symbol pin or wire end off connection grid
    ; warning
    @(130.00 mm, 25.00 mm): Vertical Wire, length 10.00 mm
[unconnected_wire_endpoint]: Unconnected wire endpoint
    ; warning
    @(130.00 mm, 25.00 mm): Vertical Wire, length 10.00 mm
[wire_dangling]: Wires not connected to anything
    ; error
    @(130.00 mm, 25.00 mm): Vertical Wire, length 10.00 mm
[label_dangling]: Label not connected to anything
    ; error
    @(82.00 mm, 105.00 mm): Label 'GPIO25 (DATA)'
[lib_symbol_issues]: The current configuration does not include the symbol library ''
    ; warning
    @(130.00 mm, 30.00 mm): Symbol R2 [R_330]
[unconnected_wire_endpoint]: Unconnected wire endpoint
    ; warning
    @(80.00 mm, 60.00 mm): Horizontal Wire, length 40.00 mm
[unconnected_wire_endpoint]: Unconnected wire endpoint
    ; warning
    @(120.00 mm, 35.00 mm): Horizontal Wire, length 10.00 mm
[endpoint_off_grid]: Symbol pin or wire end off connection grid
    ; warning
    @(50.00 mm, 130.00 mm): Horizontal Wire, length 30.00 mm
[global_label_dangling]: Global label not connected anywhere else in the schematic
    ; warning
    @(50.00 mm, 130.00 mm): Global Label '+3.3V'
[pin_not_connected]: Pin not connected
    ; error
    @(80.00 mm, 115.00 mm): Symbol U1 Pin 8 [GPIO17_SCL, Bidirectional, Line]
[endpoint_off_grid]: Symbol pin or wire end off connection grid
    ; warning
    @(140.00 mm, 25.00 mm): Symbol D1 Pin 1 [A, Passive, Line]
[pin_not_connected]: Pin not connected
    ; error
    @(140.00 mm, 25.00 mm): Symbol D1 Pin 1 [A, Passive, Line]
[pin_not_connected]: Pin not connected
    ; error
    @(140.00 mm, 30.00 mm): Symbol R2 Pin 2 [Passive, Line]
[pin_not_connected]: Pin not connected
    ; error
    @(140.00 mm, 35.00 mm): Symbol D1 Pin 2 [C, Passive, Line]
[endpoint_off_grid]: Symbol pin or wire end off connection grid
    ; warning
    @(145.00 mm, 35.00 mm): Horizontal Wire, length 5.00 mm
[unconnected_wire_endpoint]: Unconnected wire endpoint
    ; warning
    @(145.00 mm, 35.00 mm): Horizontal Wire, length 5.00 mm
[wire_dangling]: Wires not connected to anything
    ; error
    @(145.00 mm, 35.00 mm): Horizontal Wire, length 5.00 mm
[endpoint_off_grid]: Symbol pin or wire end off connection grid
    ; warning
    @(5.00 mm, 150.00 mm): Horizontal Wire, length 75.00 mm
[global_label_dangling]: Global label not connected anywhere else in the schematic
    ; warning
    @(5.00 mm, 150.00 mm): Global Label '+24V'
[endpoint_off_grid]: Symbol pin or wire end off connection grid
    ; warning
    @(150.00 mm, 25.00 mm): Vertical Wire, length 10.00 mm
[unconnected_wire_endpoint]: Unconnected wire endpoint
    ; warning
    @(150.00 mm, 25.00 mm): Vertical Wire, length 10.00 mm
[wire_dangling]: Wires not connected to anything
    ; error
    @(150.00 mm, 25.00 mm): Vertical Wire, length 10.00 mm
[unconnected_wire_endpoint]: Unconnected wire endpoint
    ; warning
    @(50.00 mm, 130.00 mm): Horizontal Wire, length 30.00 mm
[lib_symbol_issues]: The current configuration does not include the symbol library ''
    ; warning
    @(150.00 mm, 30.00 mm): Symbol D1 [LED]
[unconnected_wire_endpoint]: Unconnected wire endpoint
    ; warning
    @(145.00 mm, 35.00 mm): Horizontal Wire, length 5.00 mm
[pin_not_connected]: Pin not connected
    ; error
    @(80.00 mm, 135.00 mm): Symbol U1 Pin 9 [GPIO32_BTN, Input, Line]
[pin_not_driven]: Input pin not driven by any Output pins
    ; error
    @(80.00 mm, 135.00 mm): Symbol U1 Pin 9 [GPIO32_BTN, Input, Line]
[unconnected_wire_endpoint]: Unconnected wire endpoint
    ; warning
    @(5.00 mm, 15.00 mm): Horizontal Wire, length 155.00 mm

 ** ERC messages: 85  Errors 35  Warnings 50
