No Sensor found on bus! Rescanning...
No Sensor found on bus! Rescanning...
✖ WiFi connection lost
🔄 WiFi disconnected, retrying...
✖ WiFi connection lost
No Sensor found on bus! Rescanning...
No Sensor found on bus! Rescanning...
✖ WiFi connection lost
🔄 WiFi disconnected, retrying...
✖ WiFi connection lost
No Sensor found on bus! Rescanning...
No Sensor found on bus! Rescanning...
✖ WiFi connection lost
🔄 WiFi disconnected, retrying...
✖ WiFi connection lost
⚠ WiFi connection timeout (20s). Falling back to AP Setup Mode!
✖ WiFi connection lost
🚀 AP Mode active. SSID: 'Pool-Controller-Setup'. IP: 192.168.4.1
[ 20374][E][WiFiUdp.cpp:221] parsePacket(): could not receive data: 9
[ 20388][E][WiFiUdp.cpp:221] parsePacket(): could not receive data: 9
[ 20395][E][WiFiUdp.cpp:221] parsePacket(): could not receive data: 9
[ 20403][E][WiFiUdp.cpp:221] parsePacket(): could not receive data: 9
[ 20411][E][WiFiUdp.cpp:221] parsePacket(): could not receive data: 9
[ 20419][E][WiFiUdp.cpp:221] parsePacket(): could not receive data: 9
[ 20427][E][WiFiUdp.cpp:221] parsePacket(): could not receive data: 9
[ 20435][E][WiFiUdp.cpp:221] parsePacket(): could not receive data: 9
[ 20443][E][WiFiUdp.cpp:221] parsePacket(): could not receive data: 9
[ 20451][E][WiFiUdp.cpp:221] parsePacket(): could not receive data: 9
[ 20459][E][WiFiUdp.cpp:221] parsePacket(): could not receive data: 9
[ 20467][E][WiFiUdp.cpp:221] parsePacket(): could not receive data: 9
[ 20475][E][WiFiUdp.cpp:221] parsePacket(): could not receive data: 9
[ 20483][E][WiFiUdp.cpp:221] parsePacket(): could not receive data: 9
[ 20491][E][WiFiUdp.cpp:221] parsePacket(): could not receive data: 9
[ 20499][E][WiFiUdp.cpp:221] parsePacket(): could not receive data: 9
[ 20507][E][WiFiUdp.cpp:221] parsePacket(): could not receive data: 9
[ 20515][E][WiFiUdp.cpp:221] parsePacket(): could not receive data: 9
[ 20523][E][WiFiUdp.cpp:221] parsePacket(): could not receive data: 9
[ 20531][E][WiFiUdp.cpp:221] parsePacket(): could not receive data: 9
[ 20539][E][WiFiUdp.cpp:221] parsePacket(): could not receive data: 9
[ 20547][E][WiFiUdp.cpp:221] parsePacket(): could not receive data: 9
[ 20555][E][WiFiUdp.cpp:221] parsePacket(): could not receive data: 9
[ 20563][E][WiFiUdp.cpp:221] parsePacket(): could not receive data: 9
[ 20571][E][WiFiUdp.cpp:221] parsePacket(): could not receive data: 9
[ 20580][E][WiFiUdp.cpp:221] parsePacket(): could not receive data: 9
[ 20587][E][WiFiUdp.cpp:221] parsePacket(): could not receive data: 9
[ 20595][E][WiFiUdp.cpp:221] parsePacket(): could not receive data: 9
[ 20603][E][WiFiUdp.cpp:221] parsePacket(): could not receive data: 9
[ 20611][E][WiFiUdp.cpp:221] parsePacket(): could not receive data: 9
[ 20619][E][WiFiUdp.cpp:221] parsePacket(): could not receive data: 9
[ 20627][E][WiFiUdp.cpp:221] parsePacket(): could not receive data: 9
[ 20635][E][WiFiUdp.cpp:221] parsePacket(): could not receive data: 9
[ 20643][E][WiFiUdp.cpp:221] parsePacket(): could not receive data: 9
[ 20651][E][WiFiUdp.cpp:221] parsePacket(): could not receive data: 9
[ 20659][E][WiFiUdp.cpp:221] parsePacket(): could not receive data: 9
[ 20667][E][WiFiUdp.cpp:221] parsePacket(): could not receive data: 9
[ 20675][E][WiFiUdp.cpp:221] parsePacket(): could not receive data: 9
[ 20683][E][WiFiUdp.cpp:221] parsePacket(): could not receive data: 9
[ 20691][E][WiFiUdp.cpp:221] parsePacket(): could not receive data: 9
[ 20699][E][WiFiUdp.cpp:221] parsePacket(): could not receive data: 9
[ 20707][E][WiFiUdp.cpp:221] parsePacket(): could not receive data: 9
[ 20715][E][WiFiUdp.cpp:221] parsePacket(): could not receive data: 9
[ 20723][E][WiFiUdp.cpp:221] parsePacket(): could not receive data: 9
[ 20731][E][WiFiUdp.cpp:221] parsePacket(): could not receive data: 9
[ 20739][E][WiFiUdp.cpp:221] parsePacket(): could not receive data: 9
[ 20747][E][WiFiUdp.cpp:221] parsePacket(): could not receive data: 9
[ 20755][E][WiFiUdp.cpp:221] parsePacket(): could not receive data: 9
[ 20763][E][WiFiUdp.cpp:221] parsePacket(): could not receive data: 9
[ 20771][E][WiFiUdp.cpp:221] parsePacket(): could not receive data: 9
[ 20779][E][WiFiUdp.cpp:221] parsePacket(): could not receive data: 9
[ 20787][E][WiFiUdp.cpp:221] parsePacket(): could not receive data: 9
[ 20795][E][WiFiUdp.cpp:221] parsePacket(): could not receive data: 9
[ 20803][E][WiFiUdp.cpp:221] parsePacket(): could not receive data: 9
[ 20811][E][WiFiUdp.cpp:221] parsePacket(): could not receive data: 9
[ 20819][E][WiFiUdp.cpp:221] parsePacket(): could not receive data: 9
[ 20827][E][WiFiUdp.cpp:221] parsePacket(): could not receive data: 9
[ 20835][E][WiFiUdp.cpp:221] parsePacket(): could not receive data: 9
No Sensor found on bus! Rescanning...
No Sensor found on bus! Rescanning...
[ 21146][E][WiFiUdp.cpp:221] parsePacket(): could not receive data: 9
[ 21153][E][WiFiUdp.cpp:221] parsePacket(): could not receive data: 9
[ 21161][E][WiFiUdp.cpp:221] parsePacket(): could not receive data: 9
[ 21169][E][WiFiUdp.cpp:221] parsePacket(): could not receive data: 9
[ 21177][E][WiFiUdp.cpp:221] parsePacket(): could not receive data: 9
[ 21185][E][WiFiUdp.cpp:221] parsePacket(): could not receive data: 9
[ 21193][E][WiFiUdp.cpp:221] parsePacket(): could not receive data: 9
[ 21201][E][WiFiUdp.cpp:221] parsePacket(): could not receive data: 9
[ 21209][E][WiFiUdp.cpp:221] parsePacket(): could not receive data: 9
[ 21217][E][WiFiUdp.cpp:221] parsePacket(): could not receive data: 9
[ 21225][E][WiFiUdp.cpp:221] parsePacket(): could not receive data: 9
[ 21233][E][WiFiUdp.cpp:221] parsePacket(): could not receive data: 9
[ 21241][E][WiFiUdp.cpp:221] parsePacket(): could not receive data: 9
[ 21249][E][WiFiUdp.cpp:221] parsePacket(): could not receive data: 9
[ 21257][E][WiFiUdp.cpp:221] parsePacket(): could not receive data: 9
[ 21265][E][WiFiUdp.cpp:221] parsePacket(): could not receive data: 9
[ 21273][E][WiFiUdp.cpp:221] parsePacket(): could not receive data: 9
[ 21281][E][WiFiUdp.cpp:221] parsePacket(): could not receive data: 9
[ 21289][E][WiFiUdp.cpp:221] parsePacket(): could not receive data: 9
[ 21297][E][WiFiUdp.cpp:221] parsePacket(): could not receive data: 9
[ 21305][E][WiFiUdp.cpp:221] parsePacket(): could not receive data: 9
[ 21313][E][WiFiUdp.cpp:221] parsePacket(): could not receive data: 9
[ 21321][E][WiFiUdp.cpp:221] parsePacket(): could not receive data: 9
[ 21329][E][WiFiUdp.cpp:221] parsePacket(): could not receive data: 9
[ 21337][E][WiFiUdp.cpp:221] parsePacket(): could not receive data: 9
[ 21345][E][WiFiUdp.cpp:221] parsePacket(): could not receive data: 9
[ 21353][E][WiFiUdp.cpp:221] parsePacket(): could not receive data: 9
[ 21361][E][WiFiUdp.cpp:221] parsePacket(): could not receive data: 9
[ 21369][E][WiFiUdp.cpp:221] parsePacket(): could not receive data: 9
[ 21377][E][WiFiUdp.cpp:221] parsePacket(): could not receive data: 9
[ 21385][E][WiFiUdp.cpp:221] parsePacket(): could not receive data: 9
[ 21393][E][WiFiUdp.cpp:221] parsePacket(): could not receive data: 9
[ 21401][E][WiFiUdp.cpp:221] parsePacket(): could not receive data: 9
[ 21409][E][WiFiUdp.cpp:221] parsePacket(): could not receive data: 9
[ 21417][E][WiFiUdp.cpp:221] parsePacket(): could not receive data: 9
[ 21425][E][WiFiUdp.cpp:221] parsePacket(): could not receive data: 9
[ 21433][E][WiFiUdp.cpp:221] parsePacket(): could not receive data: 9
[ 21441][E][WiFiUdp.cpp:221] parsePacket(): could not receive data: 9
[ 21449][E][WiFiUdp.cpp:221] parsePacket(): could not receive data: 9
[ 21457][E][WiFiUdp.cpp:221] parsePacket(): could not receive data: 9
[ 21465][E][WiFiUdp.cpp:221] parsePacket(): could not receive data: 9
[ 21473][E][WiFiUdp.cpp:221] parsePacket(): could not receive data: 9
[ 21481][E][WiFiUdp.cpp:221] parsePacket(): could not receive data: 9
[ 21489][E][WiFiUdp.cpp:221] parsePacket(): could not receive data: 9
[ 21497][E][WiFiUdp.cpp:221] parsePacket(): could not receive data: 9
[ 21505][E][WiFiUdp.cpp:221] parsePacket(): could not receive data: 9
[ 21513][E][WiFiUdp.cpp:221] parsePacket(): could not receive data: 9
[ 21521][E][WiFiUdp.cpp:221] parsePacket(): could not receive data: 9
[ 21529][E][WiFiUdp.cpp:221] parsePacket(): could not receive data: 9
[ 21537][E][WiFiUdp.cpp:221] parsePacket(): could not receive data: 9
[ 21545][E][WiFiUdp.cpp:221] parsePacket(): could not receive data: 9
[ 21553][E][WiFiUdp.cpp:221] parsePacket(): could not receive data: 9
[ 21561][E][WiFiUdp.cpp:221] parsePacket(): could not receive data: 9
[ 21569][E][WiFiUdp.cpp:221] parsePacket(): could not receive data: 9
[ 21577][E][WiFiUdp.cpp:221] parsePacket(): could not receive data: 9
[ 21585][E][WiFiUdp.cpp:221] parsePacket(): could not receive data: 9
[ 21593][E][WiFiUdp.cpp:221] parsePacket(): could not receive data: 9
[ 21601][E][WiFiUdp.cpp:221] parsePacket(): could not receive data: 9
[ 21609][E][WiFiUdp.cpp:221] parsePacket(): could not receive data: 9
[ 21617][E][WiFiUdp.cpp:221] parsePacket(): could not receive data: 9
[ 21625][E][WiFiUdp.cpp:221] parsePacket(): could not receive data: 9
[ 21633][E][WiFiUdp.cpp:221] parsePacket(): could not receive data: 9
[ 21641][E][WiFiUdp.cpp:221] parsePacket(): could not receive data: 9
[ 21649][E][WiFiUdp.cpp:221] parsePacket(): could not receive data: 9
[ 21657][E][WiFiUdp.cpp:221] parsePacket(): could not receive data: 9
[ 21665][E][WiFiUdp.cpp:221] parsePacket(): could not receive data: 9
[ 21673][E][WiFiUdp.cpp:221] parsePacket(): could not receive data: 9
[ 21681][E][WiFiUdp.cpp:221] parsePacket(): could not receive data: 9
[ 21689][E][WiFiUdp.cpp:221] parsePacket(): could not receive data: 9
[ 21697][E][WiFiUdp.cpp:221] parsePacket(): could not receive data: 9
[ 21705][E][WiFiUdp.cpp:221] parsePacket(): could not receive data: 9
[ 21713][E][WiFiUdp.cpp:221] parsePacket(): could not receive data: 9
[ 21721][E][WiFiUdp.cpp:221] parsePacket(): could not receive data: 9
[ 21729][E][WiFiUdp.cpp:221] parsePacket(): could not receive data: 9
[ 21737][E][WiFiUdp.cpp:221] parsePacket(): could not receive data: 9
[ 21745][E][WiFiUdp.cpp:221] parsePacket(): could not receive data: 9
[ 21753][E][WiFiUdp.cpp:221] parsePacket(): could not receive data: 9
[ 21761][E][WiFiUdp.cpp:221] parsePacket(): could not receive data: 9
[ 21769][E][WiFiUdp.cpp:221] parsePacket(): could not receive data: 9
[ 21777][E][WiFiUdp.cpp:221] parsePacket(): could not receive data: 9
[ 21785][E][WiFiUdp.cpp:221] parsePacket(): could not receive data: 9
[ 21793][E][WiFiUdp.cpp:221] parsePacket(): could not receive data: 9
[ 21801][E][WiFiUdp.cpp:221] parsePacket(): could not receive data: 9
[ 21810][E][WiFiUdp.cpp:221] parsePacket(): could not receive data: 9
[ 21817][E][WiFiUdp.cpp:221] parsePacket(): could not receive data: 9
[ 21825][E][WiFiUdp.cpp:221] parsePacket(): could not receive data: 9
[ 21833][E][WiFiUdp.cpp:221] parsePacket(): could not receive data: 9
[ 21841][E][WiFiUdp.cpp:221] parsePacket(): could not receive data: 9
[ 21849][E][WiFiUdp.cpp:221] parsePacket(): could not receive data: 9
[ 21857][E][WiFiUdp.cpp:221] parsePacket(): could not receive data: 9
[ 21865][E][WiFiUdp.cpp:221] parsePacket(): could not receive data: 9
[ 21873][E][WiFiUdp.cpp:221] parsePacket(): could not receive data: 9
[ 21881][E][WiFiUdp.cpp:221] parsePacket(): could not receive data: 9
[ 21889][E][WiFiUdp.cpp:221] parsePacket(): could not receive data: 9
[ 21897][E][WiFiUdp.cpp:221] parsePacket(): could not receive data: 9
[ 21905][E][WiFiUdp.cpp:221] parsePacket(): could not receive data: 9
[ 21913][E][WiFiUdp.cpp:221] parsePacket(): could not receive data: 9
[ 21921][E][WiFiUdp.cpp:221] parsePacket(): could not receive data: 9
[ 21929][E][WiFiUdp.cpp:221] parsePacket(): could not receive data: 9
[ 21937][E][WiFiUdp.cpp:221] parsePacket(): could not receive data: 9
[ 21945][E][WiFiUdp.cpp:221] parsePacket(): could not receive data: 9
[ 21953][E][WiFiUdp.cpp:221] parsePacket(): could not receive data: 9
[ 21961][E][WiFiUdp.cpp:221] parsePacket(): could not receive data: 9
[ 21969][E][WiFiUdp.cpp:221] parsePacket(): could not receive data: 9
[ 21977][E][WiFiUdp.cpp:221] parsePacket(): could not receive data: 9
[ 21985][E][WiFiUdp.cpp:221] parsePacket(): could not receive data: 9
[ 21993][E][WiFiUdp.cpp:221] parsePacket(): could not receive data: 9
[ 22001][E][WiFiUdp.cpp:221] parsePacket(): could not receive data: 9
[ 22009][E][WiFiUdp.cpp:221] parsePacket(): could not receive data: 9
[ 22017][E][WiFiUdp.cpp:221] parsePacket(): could not receive data: 9
[ 22025][E][WiFiUdp.cpp:221] parsePacket(): could not receive data: 9
[ 22033][E][WiFiUdp.cpp:221] parsePacket(): could not receive data: 9
[ 22041][E][WiFiUdp.cpp:221] parsePacket(): could not receive data: 9
[ 22049][E][WiFiUdp.cpp:221] parsePacket(): could not receive data: 9
[ 22057][E][WiFiUdp.cpp:221] parsePacket(): could not receive data: 9
[ 22065][E][WiFiUdp.cpp:221] parsePacket(): could not receive data: 9
[ 22073][E][WiFiUdp.cpp:221] parsePacket(): could not receive data: 9
[ 22081][E][WiFiUdp.cpp:221] parsePacket(): could not receive data: 9
[ 22089][E][WiFiUdp.cpp:221] parsePacket(): could not receive data: 9
[ 22097][E][WiFiUdp.cpp:221] parsePacket(): could not receive data: 9
[ 22105][E][WiFiUdp.cpp:221] parsePacket(): could not receive data: 9
[ 22113][E][WiFiUdp.cpp:221] parsePacket(): could not receive data: 9
[ 22121][E][WiFiUdp.cpp:221] parsePacket(): could not receive data: 9
[ 22129][E][WiFiUdp.cpp:221] parsePacket(): could not receive data: 9
[ 22137][E][WiFiUdp.cpp:221] parsePacket(): could not receive data: 9
[ 22145][E][WiFiUdp.cpp:221] parsePacket(): could not receive data: 9
[ 22153][E][WiFiUdp.cpp:221] parsePacket(): could not receive data: 9
[ 22161][E][WiFiUdp.cpp:221] parsePacket(): could not receive data: 9
[ 22169][E][WiFiUdp.cpp:221] parsePacket(): could not receive data: 9
[ 22177][E][WiFiUdp.cpp:221] parsePacket(): could not receive data: 9
[ 22185][E][WiFiUdp.cpp:221] parsePacket(): could not receive data: 9
[ 22193][E][WiFiUdp.cpp:221] parsePacket(): could not receive data: 9
[ 22201][E][WiFiUdp.cpp:221] parsePacket(): could not receive data: 9
[ 22209][E][WiFiUdp.cpp:221] parsePacket(): could not receive data: 9
[ 22218][E][WiFiUdp.cpp:221] parsePacket(): could not receive data: 9
[ 22225][E][WiFiUdp.cpp:221] parsePacket(): could not receive data: 9
[ 22233][E][WiFiUdp.cpp:221] parsePacket(): could not receive data: 9
[ 22241][E][WiFiUdp.cpp:221] parsePacket(): could not receive data: 9
[ 22249][E][WiFiUdp.cpp:221] parsePacket(): could not receive data: 9
[ 22257][E][WiFiUdp.cpp:221] parsePacket(): could not receive data: 9
[ 22265][E][WiFiUdp.cpp:221] parsePacket(): could not receive data: 9
[ 22273][E][WiFiUdp.cpp:221] parsePacket(): could not receive data: 9
[ 22281][E][WiFiUdp.cpp:221] parsePacket(): could not receive data: 9
[ 22289][E][WiFiUdp.cpp:221] parsePacket(): could not receive data: 9
[ 22297][E][WiFiUdp.cpp:221] parsePacket(): could not receive data: 9
[ 22305][E][WiFiUdp.cpp:221] parsePacket(): could not receive data: 9
[ 22313][E][WiFiUdp.cpp:221] parsePacket(): could not receive data: 9
[ 22321][E][WiFiUdp.cpp:221] parsePacket(): could not receive data: 9
[ 22329][E][WiFiUdp.cpp:221] parsePacket(): could not receive data: 9
[ 22337][E][WiFiUdp.cpp:221] parsePacket(): could not receive data: 9
[ 22345][E][WiFiUdp.cpp:221] parsePacket(): could not receive data: 9
[ 22353][E][WiFiUdp.cpp:221] parsePacket(): could not receive data: 9
[ 22361][E][WiFiUdp.cpp:221] parsePacket(): could not receive data: 9
[ 22369][E][WiFiUdp.cpp:221] parsePacket(): could not receive data: 9
[ 22377][E][WiFiUdp.cpp:221] parsePacket(): could not receive data: 9
[ 22385][E][WiFiUdp.cpp:221] parsePacket(): could not receive data: 9
[ 22393][E][WiFiUdp.cpp:221] parsePacket(): could not receive data: 9
[ 22401][E][WiFiUdp.cpp:221] parsePacket(): could not receive data: 9
[ 22409][E][WiFiUdp.cpp:221] parsePacket(): could not receive data: 9
[ 22417][E][WiFiUdp.cpp:221] parsePacket(): could not receive data: 9
[ 22425][E][WiFiUdp.cpp:221] parsePacket(): could not receive data: 9
[ 22433][E][WiFiUdp.cpp:221] parsePacket(): could not receive data: 9
[ 22441][E][WiFiUdp.cpp:221] parsePacket(): could not receive data: 9
[ 22449][E][WiFiUdp.cpp:221] parsePacket(): could not receive data: 9
[ 22457][E][WiFiUdp.cpp:221] parsePacket(): could not receive data: 9
[ 22465][E][WiFiUdp.cpp:221] parsePacket(): could not receive data: 9
[ 22473][E][WiFiUdp.cpp:221] parsePacket(): could not receive data: 9
[ 22481][E][WiFiUdp.cpp:221] parsePacket(): could not receive data: 9
[ 22489][E][WiFiUdp.cpp:221] parsePacket(): could not receive data: 9
[ 22497][E][WiFiUdp.cpp:221] parsePacket(): could not receive data: 9
[ 22505][E][WiFiUdp.cpp:221] parsePacket(): could not receive data: 9
[ 22513][E][WiFiUdp.cpp:221] parsePacket(): could not receive data: 9
[ 22521][E][WiFiUdp.cpp:221] parsePacket(): could not receive data: 9
[ 22529][E][WiFiUdp.cpp:221] parsePacket(): could not receive data: 9
[ 22537][E][WiFiUdp.cpp:221] parsePacket(): could not receive data: 9
[ 22545][E][WiFiUdp.cpp:221] parsePacket(): could not receive data: 9
[ 22553][E][WiFiUdp.cpp:221] parsePacket(): could not receive data: 9
[ 22561][E][WiFiUdp.cpp:221] parsePacket(): could not receive data: 9
[ 22569][E][WiFiUdp.cpp:221] parsePacket(): could not receive data: 9
[ 22577][E][WiFiUdp.cpp:221] parsePacket(): could not receive data: 9
[ 22585][E][WiFiUdp.cpp:221] parsePacket(): could not receive data: 9
[ 22593][E][WiFiUdp.cpp:221] parsePacket(): could not receive data: 9
[ 22601][E][WiFiUdp.cpp:221] parsePacket(): could not receive data: 9
[ 22609][E][WiFiUdp.cpp:221] parsePacket(): could not receive data: 9
[ 22617][E][WiFiUdp.cpp:221] parsePacket(): could not receive data: 9
[ 22625][E][WiFiUdp.cpp:221] parsePacket(): could not receive data: 9
[ 22633][E][WiFiUdp.cpp:221] parsePacket(): could not receive data: 9
[ 22641][E][WiFiUdp.cpp:221] parsePacket(): could not receive data: 9
[ 22649][E][WiFiUdp.cpp:221] parsePacket(): could not receive data: 9
[ 22657][E][WiFiUdp.cpp:221] parsePacket(): could not receive data: 9
[ 22665][E][WiFiUdp.cpp:221] parsePacket(): could not receive data: 9
[ 22673][E][WiFiUdp.cpp:221] parsePacket(): could not receive data: 9
[ 22681][E][WiFiUdp.cpp:221] parsePacket(): could not receive data: 9
[ 22689][E][WiFiUdp.cpp:221] parsePacket(): could not receive data: 9
[ 22697][E][WiFiUdp.cpp:221] parsePacket(): could not receive data: 9
[ 22705][E][WiFiUdp.cpp:221] parsePacket(): could not receive data: 9
[ 22713][E][WiFiUdp.cpp:221] parsePacket(): could not receive data: 9
[ 22721][E][WiFiUdp.cpp:221] parsePacket(): could not receive data: 9
[ 22729][E][WiFiUdp.cpp:221] parsePacket(): could not receive data: 9
[ 22737][E][WiFiUdp.cpp:221] parsePacket(): could not receive data: 9
[ 22745][E][WiFiUdp.cpp:221] parsePacket(): could not receive data: 9
[ 22753][E][WiFiUdp.cpp:221] parsePacket(): could not receive data: 9
[ 22761][E][WiFiUdp.cpp:221] parsePacket(): could not receive data: 9
[ 22769][E][WiFiUdp.cpp:221] parsePacket(): could not receive data: 9
[ 22777][E][WiFiUdp.cpp:221] parsePacket(): could not receive data: 9
[ 22785][E][WiFiUdp.cpp:221] parsePacket(): could not receive data: 9
[ 22793][E][WiFiUdp.cpp:221] parsePacket(): could not receive data: 9
[ 22801][E][WiFiUdp.cpp:221] parsePacket(): could not receive data: 9
[ 22809][E][WiFiUdp.cpp:221] parsePacket(): could not receive data: 9
[ 22817][E][WiFiUdp.cpp:221] parsePacket(): could not receive data: 9
[ 22825][E][WiFiUdp.cpp:221] parsePacket(): could not receive data: 9
[ 22833][E][WiFiUdp.cpp:221] parsePacket(): could not receive data: 9
[ 22841][E][WiFiUdp.cpp:221] parsePacket(): could not receive data: 9
[ 22849][E][WiFiUdp.cpp:221] parsePacket(): could not receive data: 9
[ 22857][E][WiFiUdp.cpp:221] parsePacket(): could not receive data: 9
[ 22865][E][WiFiUdp.cpp:221] parsePacket(): could not receive data: 9
[ 22873][E][WiFiUdp.cpp:221] parsePacket(): could not receive data: 9
[ 22881][E][WiFiUdp.cpp:221] parsePacket(): could not receive data: 9
[ 22889][E][WiFiUdp.cpp:221] parsePacket(): could not receive data: 9
[ 22897][E][WiFiUdp.cpp:221] parsePacket(): could not receive data: 9
[ 22905][E][WiFiUdp.cpp:221] parsePacket(): could not receive data: 9
[ 22913][E][WiFiUdp.cpp:221] parsePacket(): could not receive data: 9
[ 22921][E][WiFiUdp.cpp:221] parsePacket(): could not receive data: 9
[ 22929][E][WiFiUdp.cpp:221] parsePacket(): could not receive data: 9
[ 22937][E][WiFiUdp.cpp:221] parsePacket(): could not receive data: 9
[ 22945][E][WiFiUdp.cpp:221] parsePacket(): could not receive data: 9
[ 22953][E][WiFiUdp.cpp:221] parsePacket(): could not receive data: 9
[ 22961][E][WiFiUdp.cpp:221] parsePacket(): could not receive data: 9
[ 22969][E][WiFiUdp.cpp:221] parsePacket(): could not receive data: 9
[ 22977][E][WiFiUdp.cpp:221] parsePacket(): could not receive data: 9
[ 22985][E][WiFiUdp.cpp:221] parsePacket(): could not receive data: 9
[ 22993][E][WiFiUdp.cpp:221] parsePacket(): could not receive data: 9
[ 23001][E][WiFiUdp.cpp:221] parsePacket(): could not receive data: 9
[ 23009][E][WiFiUdp.cpp:221] parsePacket(): could not receive data: 9
[ 23017][E][WiFiUdp.cpp:221] parsePacket(): could not receive data: 9
[ 23025][E][WiFiUdp.cpp:221] parsePacket(): could not receive data: 9
[ 23033][E][WiFiUdp.cpp:221] parsePacket(): could not receive data: 9
[ 23041][E][WiFiUdp.cpp:221] parsePacket(): could not receive data: 9
[ 23049][E][WiFiUdp.cpp:221] parsePacket(): could not receive data: 9
[ 23057][E][WiFiUdp.cpp:221] parsePacket(): could not receive data: 9
[ 23065][E][WiFiUdp.cpp:221] parsePacket(): could not receive data: 9
[ 23073][E][WiFiUdp.cpp:221] parsePacket(): could not receive data: 9
[ 23081][E][WiFiUdp.cpp:221] parsePacket(): could not receive data: 9
[ 23089][E][WiFiUdp.cpp:221] parsePacket(): could not receive data: 9
[ 23097][E][WiFiUdp.cpp:221] parsePacket(): could not receive data: 9
[ 23105][E][WiFiUdp.cpp:221] parsePacket(): could not receive data: 9
[ 23113][E][WiFiUdp.cpp:221] parsePacket(): could not receive data: 9
[ 23121][E][WiFiUdp.cpp:221] parsePacket(): could not receive data: 9
[ 23129][E][WiFiUdp.cpp:221] parsePacket(): could not receive data: 9
[ 23137][E][WiFiUdp.cpp:221] parsePacket(): could not receive data: 9
[ 23145][E][WiFiUdp.cpp:221] parsePacket(): could not receive data: 9
[ 23153][E][WiFiUdp.cpp:221] parsePacket(): could not receive data: 9
[ 23161][E][WiFiUdp.cpp:221] parsePacket(): could not receive data: 9
[ 23169][E][WiFiUdp.cpp:221] parsePacket(): could not receive data: 9
[ 23177][E][WiFiUdp.cpp:221] parsePacket(): could not receive data: 9
[ 23185][E][WiFiUdp.cpp:221] parsePacket(): could not receive data: 9
[ 23193][E][WiFiUdp.cpp:221] parsePacket(): could not receive data: 9
[ 23201][E][WiFiUdp.cpp:221] parsePacket(): could not receive data: 9
[ 23209][E][WiFiUdp.cpp:221] parsePacket(): could not receive data: 9
[ 23217][E][WiFiUdp.cpp:221] parsePacket(): could not receive data: 9
[ 23225][E][WiFiUdp.cpp:221] parsePacket(): could not receive data: 9
[ 23233][E][WiFiUdp.cpp:221] parsePacket(): could not receive data: 9
[ 23241][E][WiFiUdp.cpp:221] parsePacket(): could not receive data: 9
[ 23249][E][WiFiUdp.cpp:221] parsePacket(): could not receive data: 9
[ 23257][E][WiFiUdp.cpp:221] parsePacket(): could not receive data: 9
[ 23265][E][WiFiUdp.cpp:221] parsePacket(): could not receive data: 9
[ 23273][E][WiFiUdp.cpp:221] parsePacket(): could not receive data: 9
[ 23281][E][WiFiUdp.cpp:221] parsePacket(): could not receive data: 9
[ 23289][E][WiFiUdp.cpp:221] parsePacket(): could not receive data: 9
[ 23297][E][WiFiUdp.cpp:221] parsePacket(): could not receive data: 9
[ 23305][E][WiFiUdp.cpp:221] parsePacket(): could not receive data: 9
[ 23313][E][WiFiUdp.cpp:221] parsePacket(): could not receive data: 9
[ 23321][E][WiFiUdp.cpp:221] parsePacket(): could not receive data: 9
[ 23329][E][WiFiUdp.cpp:221] parsePacket(): could not receive data: 9
[ 23337][E][WiFiUdp.cpp:221] parsePacket(): could not receive data: 9
[ 23345][E][WiFiUdp.cpp:221] parsePacket(): could not receive data: 9
[ 23353][E][WiFiUdp.cpp:221] parsePacket(): could not receive data: 9
[ 23361][E][WiFiUdp.cpp:221] parsePacket(): could not receive data: 9
[ 23369][E][WiFiUdp.cpp:221] parsePacket(): could not receive data: 9
[ 23377][E][WiFiUdp.cpp:221] parsePacket(): could not receive data: 9
[ 23385][E][WiFiUdp.cpp:221] parsePacket(): could not receive data: 9
[ 23393][E][WiFiUdp.cpp:221] parsePacket(): could not receive data: 9
[ 23401][E][WiFiUdp.cpp:221] parsePacket(): could not receive data: 9
[ 23409][E][WiFiUdp.cpp:221] parsePacket(): could not receive data: 9
[ 23417][E][WiFiUdp.cpp:221] parsePacket(): could not receive data: 9
[ 23425][E][WiFiUdp.cpp:221] parsePacket(): could not receive data: 9
[ 23433][E][WiFiUdp.cpp:221] parsePacket(): could not receive data: 9
[ 23441][E][WiFiUdp.cpp:221] parsePacket(): could not receive data: 9
[ 23449][E][WiFiUdp.cpp:221] parsePacket(): could not receive data: 9
[ 23457][E][WiFiUdp.cpp:221] parsePacket(): could not receive data: 9
[ 23465][E][WiFiUdp.cpp:221] parsePacket(): could not receive data: 9
[ 23473][E][WiFiUdp.cpp:221] parsePacket(): could not receive data: 9
[ 23481][E][WiFiUdp.cpp:221] parsePacket(): could not receive data: 9
[ 23489][E][WiFiUdp.cpp:221] parsePacket(): could not receive data: 9
[ 23497][E][WiFiUdp.cpp:221] parsePacket(): could not receive data: 9
[ 23505][E][WiFiUdp.cpp:221] parsePacket(): could not receive data: 9
[ 23513][E][WiFiUdp.cpp:221] parsePacket(): could not receive data: 9
[ 23521][E][WiFiUdp.cpp:221] parsePacket(): could not receive data: 9
[ 23529][E][WiFiUdp.cpp:221] parsePacket(): could not receive data: 9
[ 23537][E][WiFiUdp.cpp:221] parsePacket(): could not receive data: 9
[ 23545][E][WiFiUdp.cpp:221] parsePacket(): could not receive data: 9
[ 23553][E][WiFiUdp.cpp:221] parsePacket(): could not receive data: 9
[ 23561][E][WiFiUdp.cpp:221] parsePacket(): could not receive data: 9
[ 23569][E][WiFiUdp.cpp:221] parsePacket(): could not receive data: 9
[ 23577][E][WiFiUdp.cpp:221] parsePacket(): could not receive data: 9
[ 23585][E][WiFiUdp.cpp:221] parsePacket(): could not receive data: 9
[ 23593][E][WiFiUdp.cpp:221] parsePacket(): could not receive data: 9
[ 23601][E][WiFiUdp.cpp:221] parsePacket(): could not receive data: 9
[ 23609][E][WiFiUdp.cpp:221] parsePacket(): could not receive data: 9
[ 23617][E][WiFiUdp.cpp:221] parsePacket(): could not receive data: 9
[ 23625][E][WiFiUdp.cpp:221] parsePacket(): could not receive data: 9
[ 23633][E][WiFiUdp.cpp:221] parsePacket(): could not receive data: 9
[ 23641][E][WiFiUdp.cpp:221] parsePacket(): could not receive data: 9
[ 23649][E][WiFiUdp.cpp:221] parsePacket(): could not receive data: 9
[ 23657][E][WiFiUdp.cpp:221] parsePacket(): could not receive data: 9
[ 23665][E][WiFiUdp.cpp:221] parsePacket(): could not receive data: 9
[ 23673][E][WiFiUdp.cpp:221] parsePacket(): could not receive data: 9
[ 23681][E][WiFiUdp.cpp:221] parsePacket(): could not receive data: 9
[ 23689][E][WiFiUdp.cpp:221] parsePacket(): could not receive data: 9
[ 23697][E][WiFiUdp.cpp:221] parsePacket(): could not receive data: 9
[ 23705][E][WiFiUdp.cpp:221] parsePacket(): could not receive data: 9
[ 23713][E][WiFiUdp.cpp:221] parsePacket(): could not receive data: 9
[ 23721][E][WiFiUdp.cpp:221] parsePacket(): could not receive data: 9
[ 23729][E][WiFiUdp.cpp:221] parsePacket(): could not receive data: 9
[ 23737][E][WiFiUdp.cpp:221] parsePacket(): could not receive data: 9
[ 23745][E][WiFiUdp.cpp:221] parsePacket(): could not receive data: 9
[ 23754][E][WiFiUdp.cpp:221] parsePacket(): could not receive data: 9
[ 23761][E][WiFiUdp.cpp:221] parsePacket(): could not receive data: 9
[ 23769][E][WiFiUdp.cpp:221] parsePacket(): could not receive data: 9
[ 23777][E][WiFiUdp.cpp:221] parsePacket(): could not receive data: 9
[ 23785][E][WiFiUdp.cpp:221] parsePacket(): could not receive data: 9
[ 23793][E][WiFiUdp.cpp:221] parsePacket(): could not receive data: 9
[ 23801][E][WiFiUdp.cpp:221] parsePacket(): could not receive data: 9
[ 23809][E][WiFiUdp.cpp:221] parsePacket(): could not receive data: 9
[ 23817][E][WiFiUdp.cpp:221] parsePacket(): could not receive data: 9
[ 23825][E][WiFiUdp.cpp:221] parsePacket(): could not receive data: 9
[ 23833][E][WiFiUdp.cpp:221] parsePacket(): could not receive data: 9
[ 23841][E][WiFiUdp.cpp:221] parsePacket(): could not receive data: 9
[ 23849][E][WiFiUdp.cpp:221] parsePacket(): could not receive data: 9
[ 23857][E][WiFiUdp.cpp:221] parsePacket(): could not receive data: 9
[ 23865][E][WiFiUdp.cpp:221] parsePacket(): could not receive data: 9
[ 23873][E][WiFiUdp.cpp:221] parsePacket(): could not receive data: 9
[ 23881][E][WiFiUdp.cpp:221] parsePacket(): could not receive data: 9
[ 23889][E][WiFiUdp.cpp:221] parsePacket(): could not receive data: 9
[ 23897][E][WiFiUdp.cpp:221] parsePacket(): could not receive data: 9
[ 23905][E][WiFiUdp.cpp:221] parsePacket(): could not receive data: 9
[ 23913][E][WiFiUdp.cpp:221] parsePacket(): could not receive data: 9
[ 23921][E][WiFiUdp.cpp:221] parsePacket(): could not receive data: 9
[ 23929][E][WiFiUdp.cpp:221] parsePacket(): could not receive data: 9
[ 23937][E][WiFiUdp.cpp:221] parsePacket(): could not receive data: 9
[ 23945][E][WiFiUdp.cpp:221] parsePacket(): could not receive data: 9
[ 23953][E][WiFiUdp.cpp:221] parsePacket(): could not receive data: 9
[ 23961][E][WiFiUdp.cpp:221] parsePacket(): could not receive data: 9
[ 23969][E][WiFiUdp.cpp:221] parsePacket(): could not receive data: 9
[ 23977][E][WiFiUdp.cpp:221] parsePacket(): could not receive data: 9
[ 23985][E][WiFiUdp.cpp:221] parsePacket(): could not receive data: 9
[ 23993][E][WiFiUdp.cpp:221] parsePacket(): could not receive data: 9
[ 24001][E][WiFiUdp.cpp:221] parsePacket(): could not receive data: 9
[ 24009][E][WiFiUdp.cpp:221] parsePacket(): could not receive data: 9
[ 24017][E][WiFiUdp.cpp:221] parsePacket(): could not receive data: 9
[ 24025][E][WiFiUdp.cpp:221] parsePacket(): could not receive data: 9
[ 24033][E][WiFiUdp.cpp:221] parsePacket(): could not receive data: 9
[ 24041][E][WiFiUdp.cpp:221] parsePacket(): could not receive data: 9
[ 24049][E][WiFiUdp.cpp:221] parsePacket(): could not receive data: 9
[ 24057][E][WiFiUdp.cpp:221] parsePacket(): could not receive data: 9
[ 24065][E][WiFiUdp.cpp:221] parsePacket(): could not receive data: 9
[ 24073][E][WiFiUdp.cpp:221] parsePacket(): could not receive data: 9
[ 24081][E][WiFiUdp.cpp:221] parsePacket(): could not receive data: 9
[ 24089][E][WiFiUdp.cpp:221] parsePacket(): could not receive data: 9
[ 24097][E][WiFiUdp.cpp:221] parsePacket(): could not receive data: 9
[ 24105][E][WiFiUdp.cpp:221] parsePacket(): could not receive data: 9
[ 24113][E][WiFiUdp.cpp:221] parsePacket(): could not receive data: 9
[ 24121][E][WiFiUdp.cpp:221] parsePacket(): could not receive data: 9
[ 24129][E][WiFiUdp.cpp:221] parsePacket(): could not receive data: 9
[ 24137][E][WiFiUdp.cpp:221] parsePacket(): could not receive data: 9
[ 24145][E][WiFiUdp.cpp:221] parsePacket(): could not receive data: 9
[ 24153][E][WiFiUdp.cpp:221] parsePacket(): could not receive data: 9
[ 24161][E][WiFiUdp.cpp:221] parsePacket(): could not receive data: 9
[ 24169][E][WiFiUdp.cpp:221] parsePacket(): could not receive data: 9
[ 24177][E][WiFiUdp.cpp:221] parsePacket(): could not receive data: 9
[ 24185][E][WiFiUdp.cpp:221] parsePacket(): could not receive data: 9
[ 24193][E][WiFiUdp.cpp:221] parsePacket(): could not receive data: 9
[ 24201][E][WiFiUdp.cpp:221] parsePacket(): could not receive data: 9
[ 24209][E][WiFiUdp.cpp:221] parsePacket(): could not receive data: 9
[ 24217][E][WiFiUdp.cpp:221] parsePacket(): could not receive data: 9
[ 24225][E][WiFiUdp.cpp:221] parsePacket(): could not receive data: 9
[ 24233][E][WiFiUdp.cpp:221] parsePacket(): could not receive data: 9
[ 24241][E][WiFiUdp.cpp:221] parsePacket(): could not receive data: 9
[ 24249][E][WiFiUdp.cpp:221] parsePacket(): could not receive data: 9
[ 24257][E][WiFiUdp.cpp:221] parsePacket(): could not receive data: 9
[ 24265][E][WiFiUdp.cpp:221] parsePacket(): could not receive data: 9
[ 24273][E][WiFiUdp.cpp:221] parsePacket(): could not receive data: 9
[ 24281][E][WiFiUdp.cpp:221] parsePacket(): could not receive data: 9
[ 24289][E][WiFiUdp.cpp:221] parsePacket(): could not receive data: 9
[ 24297][E][WiFiUdp.cpp:221] parsePacket(): could not receive data: 9
[ 24305][E][WiFiUdp.cpp:221] parsePacket(): could not receive data: 9
[ 24313][E][WiFiUdp.cpp:221] parsePacket(): could not receive data: 9
[ 24321][E][WiFiUdp.cpp:221] parsePacket(): could not receive data: 9
[ 24329][E][WiFiUdp.cpp:221] parsePacket(): could not receive data: 9
[ 24337][E][WiFiUdp.cpp:221] parsePacket(): could not receive data: 9
[ 24345][E][WiFiUdp.cpp:221] parsePacket(): could not receive data: 9
[ 24353][E][WiFiUdp.cpp:221] parsePacket(): could not receive data: 9
[ 24361][E][WiFiUdp.cpp:221] parsePacket(): could not receive data: 9
[ 24369][E][WiFiUdp.cpp:221] parsePacket(): could not receive data: 9
[ 24377][E][WiFiUdp.cpp:221] parsePacket(): could not receive data: 9
[ 24385][E][WiFiUdp.cpp:221] parsePacket(): could not receive data: 9
[ 24393][E][WiFiUdp.cpp:221] parsePacket(): could not receive data: 9
[ 24401][E][WiFiUdp.cpp:221] parsePacket(): could not receive data: 9
[ 24409][E][WiFiUdp.cpp:221] parsePacket(): could not receive data: 9
[ 24417][E][WiFiUdp.cpp:221] parsePacket(): could not receive data: 9
[ 24425][E][WiFiUdp.cpp:221] parsePacket(): could not receive data: 9
[ 24433][E][WiFiUdp.cpp:221] parsePacket(): could not receive data: 9
[ 24441][E][WiFiUdp.cpp:221] parsePacket(): could not receive data: 9
[ 24449][E][WiFiUdp.cpp:221] parsePacket(): could not receive data: 9
[ 24457][E][WiFiUdp.cpp:221] parsePacket(): could not receive data: 9
[ 24465][E][WiFiUdp.cpp:221] parsePacket(): could not receive data: 9
[ 24473][E][WiFiUdp.cpp:221] parsePacket(): could not receive data: 9
[ 24481][E][WiFiUdp.cpp:221] parsePacket(): could not receive data: 9
[ 24489][E][WiFiUdp.cpp:221] parsePacket(): could not receive data: 9
[ 24497][E][WiFiUdp.cpp:221] parsePacket(): could not receive data: 9
[ 24505][E][WiFiUdp.cpp:221] parsePacket(): could not receive data: 9
[ 24513][E][WiFiUdp.cpp:221] parsePacket(): could not receive data: 9
[ 24521][E][WiFiUdp.cpp:221] parsePacket(): could not receive data: 9
[ 24529][E][WiFiUdp.cpp:221] parsePacket(): could not receive data: 9
[ 24537][E][WiFiUdp.cpp:221] parsePacket(): could not receive data: 9
[ 24545][E][WiFiUdp.cpp:221] parsePacket(): could not receive data: 9
[ 24553][E][WiFiUdp.cpp:221] parsePacket(): could not receive data: 9
[ 24561][E][WiFiUdp.cpp:221] parsePacket(): could not receive data: 9
[ 24569][E][WiFiUdp.cpp:221] parsePacket(): could not receive data: 9
[ 24577][E][WiFiUdp.cpp:221] parsePacket(): could not receive data: 9
[ 24585][E][WiFiUdp.cpp:221] parsePacket(): could not receive data: 9
[ 24593][E][WiFiUdp.cpp:221] parsePacket(): could not receive data: 9
[ 24601][E][WiFiUdp.cpp:221] parsePacket(): could not receive data: 9
[ 24609][E][WiFiUdp.cpp:221] parsePacket(): could not receive data: 9
[ 24617][E][WiFiUdp.cpp:221] parsePacket(): could not receive data: 9
[ 24625][E][WiFiUdp.cpp:221] parsePacket(): could not receive data: 9
[ 24633][E][WiFiUdp.cpp:221] parsePacket(): could not receive data: 9
[ 24641][E][WiFiUdp.cpp:221] parsePacket(): could not receive data: 9
[ 24649][E][WiFiUdp.cpp:221] parsePacket(): could not receive data: 9
[ 24657][E][WiFiUdp.cpp:221] parsePacket(): could not receive data: 9
[ 24665][E][WiFiUdp.cpp:221] parsePacket(): could not receive data: 9
[ 24673][E][WiFiUdp.cpp:221] parsePacket(): could not receive data: 9
[ 24681][E][WiFiUdp.cpp:221] parsePacket(): could not receive data: 9
[ 24689][E][WiFiUdp.cpp:221] parsePacket(): could not receive data: 9
[ 24697][E][WiFiUdp.cpp:221] parsePacket(): could not receive data: 9
[ 24705][E][WiFiUdp.cpp:221] parsePacket(): could not receive data: 9
[ 24713][E][WiFiUdp.cpp:221] parsePacket(): could not receive data: 9
[ 24721][E][WiFiUdp.cpp:221] parsePacket(): could not receive data: 9
[ 24729][E][WiFiUdp.cpp:221] parsePacket(): could not receive data: 9
[ 24737][E][WiFiUdp.cpp:221] parsePacket(): could not receive data: 9
[ 24745][E][WiFiUdp.cpp:221] parsePacket(): could not receive data: 9
[ 24753][E][WiFiUdp.cpp:221] parsePacket(): could not receive data: 9
[ 24761][E][WiFiUdp.cpp:221] parsePacket(): could not receive data: 9
[ 24769][E][WiFiUdp.cpp:221] parsePacket(): could not receive data: 9
[ 24777][E][WiFiUdp.cpp:221] parsePacket(): could not receive data: 9
[ 24785][E][WiFiUdp.cpp:221] parsePacket(): could not receive data: 9
[ 24793][E][WiFiUdp.cpp:221] parsePacket(): could not receive data: 9
[ 24801][E][WiFiUdp.cpp:221] parsePacket(): could not receive data: 9
[ 24809][E][WiFiUdp.cpp:221] parsePacket(): could not receive data: 9
[ 24817][E][WiFiUdp.cpp:221] parsePacket(): could not receive data: 9
[ 24825][E][WiFiUdp.cpp:221] parsePacket(): could not receive data: 9
[ 24833][E][WiFiUdp.cpp:221] parsePacket(): could not receive data: 9
[ 24841][E][WiFiUdp.cpp:221] parsePacket(): could not receive data: 9
[ 24849][E][WiFiUdp.cpp:221] parsePacket(): could not receive data: 9
[ 24857][E][WiFiUdp.cpp:221] parsePacket(): could not receive data: 9
[ 24865][E][WiFiUdp.cpp:221] parsePacket(): could not receive data: 9
[ 24873][E][WiFiUdp.cpp:221] parsePacket(): could not receive data: 9
[ 24881][E][WiFiUdp.cpp:221] parsePacket(): could not receive data: 9
[ 24889][E][WiFiUdp.cpp:221] parsePacket(): could not receive data: 9
[ 24897][E][WiFiUdp.cpp:221] parsePacket(): could not receive data: 9
[ 24905][E][WiFiUdp.cpp:221] parsePacket(): could not receive data: 9
[ 24913][E][WiFiUdp.cpp:221] parsePacket(): could not receive data: 9
[ 24921][E][WiFiUdp.cpp:221] parsePacket(): could not receive data: 9
[ 24929][E][WiFiUdp.cpp:221] parsePacket(): could not receive data: 9
[ 24937][E][WiFiUdp.cpp:221] parsePacket(): could not receive data: 9
[ 24945][E][WiFiUdp.cpp:221] parsePacket(): could not receive data: 9
[ 24953][E][WiFiUdp.cpp:221] parsePacket(): could not receive data: 9
[ 24961][E][WiFiUdp.cpp:221] parsePacket(): could not receive data: 9
[ 24969][E][WiFiUdp.cpp:221] parsePacket(): could not receive data: 9
[ 24977][E][WiFiUdp.cpp:221] parsePacket(): could not receive data: 9
[ 24985][E][WiFiUdp.cpp:221] parsePacket(): could not receive data: 9
[ 24993][E][WiFiUdp.cpp:221] parsePacket(): could not receive data: 9
[ 25001][E][WiFiUdp.cpp:221] parsePacket(): could not receive data: 9
[ 25009][E][WiFiUdp.cpp:221] parsePacket(): could not receive data: 9
[ 25017][E][WiFiUdp.cpp:221] parsePacket(): could not receive data: 9
[ 25025][E][WiFiUdp.cpp:221] parsePacket(): could not receive data: 9
[ 25033][E][WiFiUdp.cpp:221] parsePacket(): could not receive data: 9
[ 25041][E][WiFiUdp.cpp:221] parsePacket(): could not receive data: 9
[ 25049][E][WiFiUdp.cpp:221] parsePacket(): could not receive data: 9
[ 25057][E][WiFiUdp.cpp:221] parsePacket(): could not receive data: 9
[ 25065][E][WiFiUdp.cpp:221] parsePacket(): could not receive data: 9
[ 25073][E][WiFiUdp.cpp:221] parsePacket(): could not receive data: 9
[ 25081][E][WiFiUdp.cpp:221] parsePacket(): could not receive data: 9
[ 25089][E][WiFiUdp.cpp:221] parsePacket(): could not receive data: 9
[ 25097][E][WiFiUdp.cpp:221] parsePacket(): could not receive data: 9
[ 25105][E][WiFiUdp.cpp:221] parsePacket(): could not receive data: 9
[ 25113][E][WiFiUdp.cpp:221] parsePacket(): could not receive data: 9
[ 25121][E][WiFiUdp.cpp:221] parsePacket(): could not receive data: 9
[ 25129][E][WiFiUdp.cpp:221] parsePacket(): could not receive data: 9
[ 25137][E][WiFiUdp.cpp:221] parsePacket(): could not receive data: 9
[ 25145][E][WiFiUdp.cpp:221] parsePacket(): could not receive data: 9
[ 25153][E][WiFiUdp.cpp:221] parsePacket(): could not receive data: 9
[ 25161][E][WiFiUdp.cpp:221] parsePacket(): could not receive data: 9
[ 25169][E][WiFiUdp.cpp:221] parsePacket(): could not receive data: 9
[ 25177][E][WiFiUdp.cpp:221] parsePacket(): could not receive data: 9
[ 25185][E][WiFiUdp.cpp:221] parsePacket(): could not receive data: 9
[ 25193][E][WiFiUdp.cpp:221] parsePacket(): could not receive data: 9
[ 25201][E][WiFiUdp.cpp:221] parsePacket(): could not receive data: 9
[ 25209][E][WiFiUdp.cpp:221] parsePacket(): could not receive data: 9
[ 25217][E][WiFiUdp.cpp:221] parsePacket(): could not receive data: 9
[ 25225][E][WiFiUdp.cpp:221] parsePacket(): could not receive data: 9
[ 25233][E][WiFiUdp.cpp:221] parsePacket(): could not receive data: 9
[ 25241][E][WiFiUdp.cpp:221] parsePacket(): could not receive data: 9
[ 25249][E][WiFiUdp.cpp:221] parsePacket(): could not receive data: 9
[ 25257][E][WiFiUdp.cpp:221] parsePacket(): could not receive data: 9
[ 25265][E][WiFiUdp.cpp:221] parsePacket(): could not receive data: 9
[ 25273][E][WiFiUdp.cpp:221] parsePacket(): could not receive data: 9
[ 25281][E][WiFiUdp.cpp:221] parsePacket(): could not receive data: 9
[ 25289][E][WiFiUdp.cpp:221] parsePacket(): could not receive data: 9
[ 25297][E][WiFiUdp.cpp:221] parsePacket(): could not receive data: 9
[ 25305][E][WiFiUdp.cpp:221] parsePacket(): could not receive data: 9
[ 25313][E][WiFiUdp.cpp:221] parsePacket(): could not receive data: 9
[ 25321][E][WiFiUdp.cpp:221] parsePacket(): could not receive data: 9
[ 25329][E][WiFiUdp.cpp:221] parsePacket(): could not receive data: 9
[ 25337][E][WiFiUdp.cpp:221] parsePacket(): could not receive data: 9
[ 25345][E][WiFiUdp.cpp:221] parsePacket(): could not receive data: 9
[ 25353][E][WiFiUdp.cpp:221] parsePacket(): could not receive data: 9
[ 25361][E][WiFiUdp.cpp:221] parsePacket(): could not receive data: 9
[ 25369][E][WiFiUdp.cpp:221] parsePacket(): could not receive data: 9
[ 25377][E][WiFiUdp.cpp:221] parsePacket(): could not receive data: 9
[ 25385][E][WiFiUdp.cpp:221] parsePacket(): could not receive data: 9
[ 25393][E][WiFiUdp.cpp:221] parsePacket(): could not receive data: 9
[ 25401][E][WiFiUdp.cpp:221] parsePacket(): could not receive data: 9
[ 25409][E][WiFiUdp.cpp:221] parsePacket(): could not receive data: 9
[ 25417][E][WiFiUdp.cpp:221] parsePacket(): could not receive data: 9
[ 25425][E][WiFiUdp.cpp:221] parsePacket(): could not receive data: 9
[ 25433][E][WiFiUdp.cpp:221] parsePacket(): could not receive data: 9
[ 25441][E][WiFiUdp.cpp:221] parsePacket(): could not receive data: 9
[ 25449][E][WiFiUdp.cpp:221] parsePacket(): could not receive data: 9
[ 25457][E][WiFiUdp.cpp:221] parsePacket(): could not receive data: 9
[ 25465][E][WiFiUdp.cpp:221] parsePacket(): could not receive data: 9
[ 25473][E][WiFiUdp.cpp:221] parsePacket(): could not receive data: 9
[ 25481][E][WiFiUdp.cpp:221] parsePacket(): could not receive data: 9
[ 25489][E][WiFiUdp.cpp:221] parsePacket(): could not receive data: 9
[ 25497][E][WiFiUdp.cpp:221] parsePacket(): could not receive data: 9
[ 25505][E][WiFiUdp.cpp:221] parsePacket(): could not receive data: 9
[ 25513][E][WiFiUdp.cpp:221] parsePacket(): could not receive data: 9
[ 25521][E][WiFiUdp.cpp:221] parsePacket(): could not receive data: 9
[ 25529][E][WiFiUdp.cpp:221] parsePacket(): could not receive data: 9
[ 25537][E][WiFiUdp.cpp:221] parsePacket(): could not receive data: 9
[ 25545][E][WiFiUdp.cpp:221] parsePacket(): could not receive data: 9
[ 25553][E][WiFiUdp.cpp:221] parsePacket(): could not receive data: 9
[ 25561][E][WiFiUdp.cpp:221] parsePacket(): could not receive data: 9
[ 25569][E][WiFiUdp.cpp:221] parsePacket(): could not receive data: 9
[ 25577][E][WiFiUdp.cpp:221] parsePacket(): could not receive data: 9
[ 25585][E][WiFiUdp.cpp:221] parsePacket(): could not receive data: 9
[ 25593][E][WiFiUdp.cpp:221] parsePacket(): could not receive data: 9
[ 25601][E][WiFiUdp.cpp:221] parsePacket(): could not receive data: 9
[ 25609][E][WiFiUdp.cpp:221] parsePacket(): could not receive data: 9
[ 25617][E][WiFiUdp.cpp:221] parsePacket(): could not receive data: 9
[ 25625][E][WiFiUdp.cpp:221] parsePacket(): could not receive data: 9
[ 25633][E][WiFiUdp.cpp:221] parsePacket(): could not receive data: 9
[ 25641][E][WiFiUdp.cpp:221] parsePacket(): could not receive data: 9
[ 25649][E][WiFiUdp.cpp:221] parsePacket(): could not receive data: 9
[ 25657][E][WiFiUdp.cpp:221] parsePacket(): could not receive data: 9
[ 25665][E][WiFiUdp.cpp:221] parsePacket(): could not receive data: 9
[ 25673][E][WiFiUdp.cpp:221] parsePacket(): could not receive data: 9
[ 25681][E][WiFiUdp.cpp:221] parsePacket(): could not receive data: 9
[ 25689][E][WiFiUdp.cpp:221] parsePacket(): could not receive data: 9
[ 25697][E][WiFiUdp.cpp:221] parsePacket(): could not receive data: 9
[ 25705][E][WiFiUdp.cpp:221] parsePacket(): could not receive data: 9
[ 25713][E][WiFiUdp.cpp:221] parsePacket(): could not receive data: 9
[ 25721][E][WiFiUdp.cpp:221] parsePacket(): could not receive data: 9
[ 25729][E][WiFiUdp.cpp:221] parsePacket(): could not receive data: 9
[ 25737][E][WiFiUdp.cpp:221] parsePacket(): could not receive data: 9
[ 25745][E][WiFiUdp.cpp:221] parsePacket(): could not receive data: 9
[ 25753][E][WiFiUdp.cpp:221] parsePacket(): could not receive data: 9
[ 25761][E][WiFiUdp.cpp:221] parsePacket(): could not receive data: 9
[ 25769][E][WiFiUdp.cpp:221] parsePacket(): could not receive data: 9
[ 25777][E][WiFiUdp.cpp:221] parsePacket(): could not receive data: 9
[ 25785][E][WiFiUdp.cpp:221] parsePacket(): could not receive data: 9
[ 25793][E][WiFiUdp.cpp:221] parsePacket(): could not receive data: 9
[ 25801][E][WiFiUdp.cpp:221] parsePacket(): could not receive data: 9
[ 25809][E][WiFiUdp.cpp:221] parsePacket(): could not receive data: 9
[ 25817][E][WiFiUdp.cpp:221] parsePacket(): could not receive data: 9
[ 25825][E][WiFiUdp.cpp:221] parsePacket(): could not receive data: 9
[ 25833][E][WiFiUdp.cpp:221] parsePacket(): could not receive data: 9
[ 25841][E][WiFiUdp.cpp:221] parsePacket(): could not receive data: 9
No Sensor found on bus! Rescanning...
No Sensor found on bus! Rescanning...
[ 26151][E][WiFiUdp.cpp:221] parsePacket(): could not receive data: 9
[ 26158][E][WiFiUdp.cpp:221] parsePacket(): could not receive data: 9
[ 26166][E][WiFiUdp.cpp:221] parsePacket(): could not receive data: 9
[ 26174][E][WiFiUdp.cpp:221] parsePacket(): could not receive data: 9
[ 26182][E][WiFiUdp.cpp:221] parsePacket(): could not receive data: 9
[ 26190][E][WiFiUdp.cpp:221] parsePacket(): could not receive data: 9
[ 26198][E][WiFiUdp.cpp:221] parsePacket(): could not receive data: 9
[ 26206][E][WiFiUdp.cpp:221] parsePacket(): could not receive data: 9
[ 26214][E][WiFiUdp.cpp:221] parsePacket(): could not receive data: 9
[ 26222][E][WiFiUdp.cpp:221] parsePacket(): could not receive data: 9
[ 26230][E][WiFiUdp.cpp:221] parsePacket(): could not receive data: 9
[ 26238][E][WiFiUdp.cpp:221] parsePacket(): could not receive data: 9
[ 26246][E][WiFiUdp.cpp:221] parsePacket(): could not receive data: 9
[ 26254][E][WiFiUdp.cpp:221] parsePacket(): could not receive data: 9
[ 26262][E][WiFiUdp.cpp:221] parsePacket(): could not receive data: 9
[ 26270][E][WiFiUdp.cpp:221] parsePacket(): could not receive data: 9
[ 26278][E][WiFiUdp.cpp:221] parsePacket(): could not receive data: 9
[ 26286][E][WiFiUdp.cpp:221] parsePacket(): could not receive data: 9
[ 26294][E][WiFiUdp.cpp:221] parsePacket(): could not receive data: 9
[ 26302][E][WiFiUdp.cpp:221] parsePacket(): could not receive data: 9
[ 26310][E][WiFiUdp.cpp:221] parsePacket(): could not receive data: 9
[ 26318][E][WiFiUdp.cpp:221] parsePacket(): could not receive data: 9
[ 26326][E][WiFiUdp.cpp:221] parsePacket(): could not receive data: 9
