No Sensor found on bus! Rescanning...
No Sensor found on bus! Rescanning...
No Sensor found on bus! Rescanning...
No Sensor found on bus! Rescanning...
No Sensor found on bus! Rescanning...
No Sensor found on bus! Rescanning...
No Sensor found on bus! Rescanning...
No Sensor found on bus! Rescanning...
〽 ESP32 internal temp: 31.111113 °C
No Sensor found on bus! Rescanning...
No Sensor found on bus! Rescanning...
No Sensor found on bus! Rescanning...
No Sensor found on bus! Rescanning...
No Sensor found on bus! Rescanning...
No Sensor found on bus! Rescanning...
No Sensor found on bus! Rescanning...
No Sensor found on bus! Rescanning...
No Sensor found on bus! Rescanning...
No Sensor found on bus! Rescanning...
No Sensor found on bus! Rescanning...
No Sensor found on bus! Rescanning...
〽 ESP32 internal temp: 32.777779 °C
No Sensor found on bus! Rescanning...
No Sensor found on bus! Rescanning...
No Sensor found on bus! Rescanning...
No Sensor found on bus! Rescanning...
No Sensor found on bus! Rescanning...
No Sensor found on bus! Rescanning...
[ 73293][E][WebServer.cpp:638] _handleRequest(): request handler not found
[ 73331][E][vfs_api.cpp:105] open(): /littlefs/web/index.html does not exist, no permits for creation
[ 74110][E][WebServer.cpp:638] _handleRequest(): request handler not found
[ 74145][E][vfs_api.cpp:105] open(): /littlefs/web/index.html does not exist, no permits for creation
[ 74227][E][WebServer.cpp:638] _handleRequest(): request handler not found
[ 74316][E][vfs_api.cpp:105] open(): /littlefs/web/index.html does not exist, no permits for creation
No Sensor found on bus! Rescanning...
No Sensor found on bus! Rescanning...
No Sensor found on bus! Rescanning...
No Sensor found on bus! Rescanning...
No Sensor found on bus! Rescanning...
No Sensor found on bus! Rescanning...
〽 ESP32 internal temp: 33.888889 °C
No Sensor found on bus! Rescanning...
No Sensor found on bus! Rescanning...
No Sensor found on bus! Rescanning...
No Sensor found on bus! Rescanning...
No Sensor found on bus! Rescanning...
No Sensor found on bus! Rescanning...
No Sensor found on bus! Rescanning...
No Sensor found on bus! Rescanning...
No Sensor found on bus! Rescanning...
No Sensor found on bus! Rescanning...
No Sensor found on bus! Rescanning...
No Sensor found on bus! Rescanning...
〽 ESP32 internal temp: 34.444447 °C
No Sensor found on bus! Rescanning...
No Sensor found on bus! Rescanning...
✓ Configuration saved successfully
ets Jun  8 2016 00:22:57

rst:0xc (SW_CPU_RESET),boot:0x13 (SPI_FAST_FLASH_BOOT)
configsip: 0, SPIWP:0xee
clk_drv:0x00,q_drv:0x00,d_drv:0x00,cs0_drv:0x00,hd_drv:0x00,wp_drv:0x00
mode:DIO, clock div:2
load:0x3fff0030,len:1184
load:0x40078000,len:13232
load:0x40080400,len:3028
entry 0x400805e4
✓ DegradationManager initialized
  Boot counter: 3
✖ BOOT-LOOP DETECTED (3 consecutive boots)
  Entering safe mode — all relays OFF
✖ SAFE MODE ACTIVE — all relays forced OFF
⚙ Degradation: normal → critical
✖ CRITICAL: Multiple system failures detected!
  Entering safe mode — all relays off
✓ LittleFS mounted successfully
✓ Configuration loaded successfully
✓ Configuration loaded successfully
Connecting to WiFi: stephan@st-strittmatter.name
✓ Web Server running on port 80.
✓ HA Discovery Device ID set to: pool_controller_1
✓ Pin configuration validated - no conflicts
  Solar Temp: GPIO 15
  Pool Temp:  GPIO 16
  Pool Relay: GPIO 18
  Solar Relay: GPIO 19
[   455][E][WiFiUdp.cpp:172] beginPacket(): could not get host from dns: 11
[   466][E][WiFiUdp.cpp:185] endPacket(): could not send data: 118
• DallasTemperature: Parasite power is: 0
✖ No Dallas sensors found on pin 15
• DallasTemperature: Parasite power is: 0
✖ No Dallas sensors found on pin 16
• ESP32 Internal Temp sensor 'controller-temp' initialized.
• RelayModule Node 'pool-pump' initializing on PIN 18...
  ◦ Relay restored to state: OFF
• RelayModule Node 'solar-pump' initializing on PIN 19...
  ◦ Relay restored to state: OFF
• OperationMode Node 'operation-mode' initialized.
set mode: auto
[  1862][E][Preferences.cpp:50] begin(): nvs_open failed: NOT_FOUND
[  1871][E][Preferences.cpp:50] begin(): nvs_open failed: NOT_FOUND
[  1877][E][Preferences.cpp:50] begin(): nvs_open failed: NOT_FOUND
[  1883][E][Preferences.cpp:50] begin(): nvs_open failed: NOT_FOUND
[  1889][E][Preferences.cpp:50] begin(): nvs_open failed: NOT_FOUND
[  1895][E][Preferences.cpp:50] begin(): nvs_open failed: NOT_FOUND
[  1901][E][Preferences.cpp:50] begin(): nvs_open failed: NOT_FOUND
[  1907][E][Preferences.cpp:50] begin(): nvs_open failed: NOT_FOUND
✓ Operational mode state loaded from persistent storage.
✓ Controller setup completed. Free heap: 239260 B
No Sensor found on bus! Rescanning...
No Sensor found on bus! Rescanning...
〽 Relay 'pool-pump' status: OFF
〽 Relay 'solar-pump' status: OFF
〽 OperationalMode update rule
getRule: mode = auto
getRule: Active Rule: auto
§ RuleAuto: loop
  ⚠ RuleAuto: Invalid temperature readings detected
  Pool temp: nan
  Solar temp: nan
  Turning off solar pump for safety
↕  checkPoolPumpTimer
[  2240][E][WiFiUdp.cpp:172] beginPacket(): could not get host from dns: 11
[  2254][E][WiFiUdp.cpp:185] endPacket(): could not send data: 118
  ⚠ Time sync RED - timer disabled
  Pool pump stays ON for safety & hygiene
  ⚠ SAFE MODE — ignoring relay ON request
✖ WiFi connection lost
🔄 WiFi disconnected, retrying...
✖ WiFi connection lost
No Sensor found on bus! Rescanning...
No Sensor found on bus! Rescanning...
✖ WiFi connection lost
🔄 WiFi disconnected, retrying...
✖ WiFi connection lost
No Sensor found on bus! Rescanning...
No Sensor found on bus! Rescanning...
✖ WiFi connection lost
🔄 WiFi disconnected, retrying...
✖ WiFi connection lost
No Sensor found on bus! Rescanning...
No Sensor found on bus! Rescanning...
✖ WiFi connection lost
🔄 WiFi disconnected, retrying...
✖ WiFi connection lost
No Sensor found on bus! Rescanning...
No Sensor found on bus! Rescanning...
✖ WiFi connection lost
🔄 WiFi disconnected, retrying...
✖ WiFi connection lost
No Sensor found on bus! Rescanning...
No Sensor found on bus! Rescanning...
✖ WiFi connection lost
🔄 WiFi disconnected, retrying...
✖ WiFi connection lost
〽 ESP32 internal temp: 35.555557 °C
No Sensor found on bus! Rescanning...
No Sensor found on bus! Rescanning...
✖ WiFi connection lost
🔄 WiFi disconnected, retrying...
✖ WiFi connection lost
No Sensor found on bus! Rescanning...
No Sensor found on bus! Rescanning...
✖ WiFi connection lost
🔄 WiFi disconnected, retrying...
✖ WiFi connection lost
No Sensor found on bus! Rescanning...
No Sensor found on bus! Rescanning...
✖ WiFi connection lost
🔄 WiFi disconnected, retrying...
✖ WiFi connection lost
No Sensor found on bus! Rescanning...
No Sensor found on bus! Rescanning...
✖ WiFi connection lost
🔄 WiFi disconnected, retrying...
✖ WiFi connection lost
No Sensor found on bus! Rescanning...
No Sensor found on bus! Rescanning...
✖ WiFi connection lost
🔄 WiFi disconnected, retrying...
✖ WiFi connection lost
No Sensor found on bus! Rescanning...
No Sensor found on bus! Rescanning...
✖ WiFi connection lost
🔄 WiFi disconnected, retrying...
✖ WiFi connection lost
〽 ESP32 internal temp: 35.555557 °C
No Sensor found on bus! Rescanning...
No Sensor found on bus! Rescanning...
✖ WiFi connection lost
🔄 WiFi disconnected, retrying...
✖ WiFi connection lost
No Sensor found on bus! Rescanning...
No Sensor found on bus! Rescanning...
✖ WiFi connection lost
🔄 WiFi disconnected, retrying...
✖ WiFi connection lost
No Sensor found on bus! Rescanning...
No Sensor found on bus! Rescanning...
✖ WiFi connection lost
🔄 WiFi disconnected, retrying...
✖ WiFi connection lost
No Sensor found on bus! Rescanning...
No Sensor found on bus! Rescanning...
✖ WiFi connection lost
🔄 WiFi disconnected, retrying...
✖ WiFi connection lost
No Sensor found on bus! Rescanning...
No Sensor found on bus! Rescanning...
✖ WiFi connection lost
🔄 WiFi disconnected, retrying...
✖ WiFi connection lost
No Sensor found on bus! Rescanning...
No Sensor found on bus! Rescanning...
✖ WiFi connection lost
🔄 WiFi disconnected, retrying...
✖ WiFi connection lost
〽 ESP32 internal temp: 36.666668 °C
No Sensor found on bus! Rescanning...
No Sensor found on bus! Rescanning...
✖ WiFi connection lost
🔄 WiFi disconnected, retrying...
✖ WiFi connection lost
No Sensor found on bus! Rescanning...
No Sensor found on bus! Rescanning...
✖ WiFi connection lost
🔄 WiFi disconnected, retrying...
✖ WiFi connection lost
No Sensor found on bus! Rescanning...
No Sensor found on bus! Rescanning...
✖ WiFi connection lost
🔄 WiFi disconnected, retrying...
✖ WiFi connection lost
No Sensor found on bus! Rescanning...
No Sensor found on bus! Rescanning...
✖ WiFi connection lost
🔄 WiFi disconnected, retrying...
✖ WiFi connection lost
No Sensor found on bus! Rescanning...
No Sensor found on bus! Rescanning...
✖ WiFi connection lost
🔄 WiFi disconnected, retrying...
✖ WiFi connection lost
No Sensor found on bus! Rescanning...
No Sensor found on bus! Rescanning...
✖ WiFi connection lost
🔄 WiFi disconnected, retrying...
✖ WiFi connection lost
〽 ESP32 internal temp: 36.666668 °C
No Sensor found on bus! Rescanning...
No Sensor found on bus! Rescanning...
✖ WiFi connection lost
🔄 WiFi disconnected, retrying...
✖ WiFi connection lost
No Sensor found on bus! Rescanning...
No Sensor found on bus! Rescanning...
✖ WiFi connection lost
🔄 WiFi disconnected, retrying...
✖ WiFi connection lost
No Sensor found on bus! Rescanning...
No Sensor found on bus! Rescanning...
✖ WiFi connection lost
🔄 WiFi disconnected, retrying...
✖ WiFi connection lost
No Sensor found on bus! Rescanning...
No Sensor found on bus! Rescanning...
✖ WiFi connection lost
🔄 WiFi disconnected, retrying...
✖ WiFi connection lost
No Sensor found on bus! Rescanning...
No Sensor found on bus! Rescanning...
✖ WiFi connection lost
🔄 WiFi disconnected, retrying...
✖ WiFi connection lost
No Sensor found on bus! Rescanning...
No Sensor found on bus! Rescanning...
✖ WiFi connection lost
🔄 WiFi disconnected, retrying...
✖ WiFi connection lost
〽 ESP32 internal temp: 37.222221 °C
No Sensor found on bus! Rescanning...
No Sensor found on bus! Rescanning...
✖ WiFi connection lost
🔄 WiFi disconnected, retrying...
✖ WiFi connection lost
No Sensor found on bus! Rescanning...
No Sensor found on bus! Rescanning...
✖ WiFi connection lost
🔄 WiFi disconnected, retrying...
✖ WiFi connection lost
No Sensor found on bus! Rescanning...
No Sensor found on bus! Rescanning...
✖ WiFi connection lost
🔄 WiFi disconnected, retrying...
✖ WiFi connection lost
No Sensor found on bus! Rescanning...
No Sensor found on bus! Rescanning...
✖ WiFi connection lost
🔄 WiFi disconnected, retrying...
✖ WiFi connection lost
No Sensor found on bus! Rescanning...
No Sensor found on bus! Rescanning...
✖ WiFi connection lost
🔄 WiFi disconnected, retrying...
✖ WiFi connection lost
No Sensor found on bus! Rescanning...
No Sensor found on bus! Rescanning...
✖ WiFi connection lost
🔄 WiFi disconnected, retrying...
✖ WiFi connection lost
〽 ESP32 internal temp: 37.222221 °C
No Sensor found on bus! Rescanning...
No Sensor found on bus! Rescanning...
✖ WiFi connection lost
🔄 WiFi disconnected, retrying...
✖ WiFi connection lost
No Sensor found on bus! Rescanning...
No Sensor found on bus! Rescanning...
✖ WiFi connection lost
🔄 WiFi disconnected, retrying...
✖ WiFi connection lost
No Sensor found on bus! Rescanning...
No Sensor found on bus! Rescanning...
✖ WiFi connection lost
ets Jun  8 2016 00:22:57

rst:0x1 (POWERON_RESET),boot:0x13 (SPI_FAST_FLASH_BOOT)
configsip: 0, SPIWP:0xee
clk_drv:0x00,q_drv:0x00,d_drv:0x00,cs0_drv:0x00,hd_drv:0x00,wp_drv:0x00
mode:DIO, clock div:2
load:0x3fff0030,len:1184
load:0x40078000,len:13232
load:0x40080400,len:3028
entry 0x400805e4
✓ DegradationManager initialized
  Boot counter: 4
✖ BOOT-LOOP DETECTED (4 consecutive boots)
  Entering safe mode — all relays OFF
✖ SAFE MODE ACTIVE — all relays forced OFF
⚙ Degradation: normal → critical
✖ CRITICAL: Multiple system failures detected!
  Entering safe mode — all relays off
✓ LittleFS mounted successfully
✓ Configuration loaded successfully
✓ Configuration loaded successfully
Connecting to WiFi: stephan@st-strittmatter.name
✓ Web Server running on port 80.
✓ HA Discovery Device ID set to: pool_controller_1
✓ Pin configuration validated - no conflicts
  Solar Temp: GPIO 15
  Pool Temp:  GPIO 16
  Pool Relay: GPIO 18
  Solar Relay: GPIO 19
✖ WiFi connection lost
[   281][E][WiFiUdp.cpp:172] beginPacket(): could not get host from dns: 11
[   290][E][WiFiUdp.cpp:185] endPacket(): could not send data: 118
• DallasTemperature: Parasite power is: 0
✖ No Dallas sensors found on pin 15
• DallasTemperature: Parasite power is: 0
✖ No Dallas sensors found on pin 16
• ESP32 Internal Temp sensor 'controller-temp' initialized.
• RelayModule Node 'pool-pump' initializing on PIN 18...
  ◦ Relay restored to state: OFF
• RelayModule Node 'solar-pump' initializing on PIN 19...
  ◦ Relay restored to state: OFF
• OperationMode Node 'operation-mode' initialized.
set mode: auto
[  1651][E][Preferences.cpp:50] begin(): nvs_open failed: NOT_FOUND
[  1660][E][Preferences.cpp:50] begin(): nvs_open failed: NOT_FOUND
[  1666][E][Preferences.cpp:50] begin(): nvs_open failed: NOT_FOUND
[  1672][E][Preferences.cpp:50] begin(): nvs_open failed: NOT_FOUND
[  1678][E][Preferences.cpp:50] begin(): nvs_open failed: NOT_FOUND
[  1684][E][Preferences.cpp:50] begin(): nvs_open failed: NOT_FOUND
[  1690][E][Preferences.cpp:50] begin(): nvs_open failed: NOT_FOUND
[  1696][E][Preferences.cpp:50] begin(): nvs_open failed: NOT_FOUND
✓ Operational mode state loaded from persistent storage.
✓ Controller setup completed. Free heap: 239424 B
No Sensor found on bus! Rescanning...
No Sensor found on bus! Rescanning...
〽 Relay 'pool-pump' status: OFF
〽 Relay 'solar-pump' status: OFF
〽 OperationalMode update rule
getRule: mode = auto
getRule: Active Rule: auto
§ RuleAuto: loop
  ⚠ RuleAuto: Invalid temperature readings detected
  Pool temp: nan
  Solar temp: nan
  Turning off solar pump for safety
↕  checkPoolPumpTimer
[  2028][E][WiFiUdp.cpp:172] beginPacket(): could not get host from dns: 11
[  2042][E][WiFiUdp.cpp:185] endPacket(): could not send data: 118
  ⚠ Time sync RED - timer disabled
  Pool pump stays ON for safety & hygiene
  ⚠ SAFE MODE — ignoring relay ON request
✖ WiFi connection lost
🔄 WiFi disconnected, retrying...
✖ WiFi connection lost
No Sensor found on bus! Rescanning...
No Sensor found on bus! Rescanning...
✖ WiFi connection lost
🔄 WiFi disconnected, retrying...
✖ WiFi connection lost
No Sensor found on bus! Rescanning...
No Sensor found on bus! Rescanning...
✖ WiFi connection lost
🔄 WiFi disconnected, retrying...
✖ WiFi connection lost
No Sensor found on bus! Rescanning...
No Sensor found on bus! Rescanning...
✖ WiFi connection lost
🔄 WiFi disconnected, retrying...
✖ WiFi connection lost
No Sensor found on bus! Rescanning...
No Sensor found on bus! Rescanning...
✖ WiFi connection lost
🔄 WiFi disconnected, retrying...
✖ WiFi connection lost
No Sensor found on bus! Rescanning...
No Sensor found on bus! Rescanning...
✖ WiFi connection lost
🔄 WiFi disconnected, retrying...
✖ WiFi connection lost
〽 ESP32 internal temp: 37.222221 °C
No Sensor found on bus! Rescanning...
No Sensor found on bus! Rescanning...
✖ WiFi connection lost
🔄 WiFi disconnected, retrying...
✖ WiFi connection lost
No Sensor found on bus! Rescanning...
No Sensor found on bus! Rescanning...
✖ WiFi connection lost
🔄 WiFi disconnected, retrying...
✖ WiFi connection lost
No Sensor found on bus! Rescanning...
No Sensor found on bus! Rescanning...
✖ WiFi connection lost
🔄 WiFi disconnected, retrying...
✖ WiFi connection lost
No Sensor found on bus! Rescanning...
No Sensor found on bus! Rescanning...
✖ WiFi connection lost
🔄 WiFi disconnected, retrying...
✖ WiFi connection lost
No Sensor found on bus! Rescanning...
No Sensor found on bus! Rescanning...
✖ WiFi connection lost
🔄 WiFi disconnected, retrying...
✖ WiFi connection lost
No Sensor found on bus! Rescanning...
No Sensor found on bus! Rescanning...
✖ WiFi connection lost
🔄 WiFi disconnected, retrying...
✖ WiFi connection lost
〽 ESP32 internal temp: 37.777779 °C
No Sensor found on bus! Rescanning...
No Sensor found on bus! Rescanning...
✖ WiFi connection lost
🔄 WiFi disconnected, retrying...
✖ WiFi connection lost
No Sensor found on bus! Rescanning...
No Sensor found on bus! Rescanning...
✖ WiFi connection lost
🔄 WiFi disconnected, retrying...
✖ WiFi connection lost
No Sensor found on bus! Rescanning...
No Sensor found on bus! Rescanning...
✖ WiFi connection lost
🔄 WiFi disconnected, retrying...
✖ WiFi connection lost
No Sensor found on bus! Rescanning...
No Sensor found on bus! Rescanning...
✖ WiFi connection lost
🔄 WiFi disconnected, retrying...
✖ WiFi connection lost
